// Jest Snapshot v1, https://goo.gl/fbAQLP

exports[`Game should render component in default state 1`] = `
<div>
  <div
    class="title"
  >
    Minesweeper
  </div>
  <div
    class="board"
    data-testid="board"
  >
    <div
      class="row"
    >
      <div
        class="block"
        data-testid="block-0-0"
      >
        <div
          class="mine"
        />
      </div>
      <div
        class="block"
        data-testid="block-0-1"
      >
        <div
          class="mine"
        />
      </div>
      <div
        class="block"
        data-testid="block-0-2"
      >
        <div
          class="mine"
        />
      </div>
      <div
        class="block"
        data-testid="block-0-3"
      >
        <div
          class="mine"
        />
      </div>
      <div
        class="block"
        data-testid="block-0-4"
      >
        <div
          class="mine"
        />
      </div>
      <div
        class="block"
        data-testid="block-0-5"
      >
        <div
          class="mine"
        />
      </div>
      <div
        class="block"
        data-testid="block-0-6"
      >
        <div
          class="mine"
        />
      </div>
      <div
        class="block"
        data-testid="block-0-7"
      >
        <div
          class="mine"
        />
      </div>
      <div
        class="block"
        data-testid="block-0-8"
      >
        <div
          class="mine"
        />
      </div>
      <div
        class="block"
        data-testid="block-0-9"
      >
        <div
          class="mine"
        />
      </div>
    </div>
    <div
      class="row"
    >
      <div
        class="block"
        data-testid="block-1-0"
      >
        <div
          class="mine"
        />
      </div>
      <div
        class="block"
        data-testid="block-1-1"
      >
        <div
          class="mine"
        />
      </div>
      <div
        class="block"
        data-testid="block-1-2"
      >
        <div
          class="mine"
        />
      </div>
      <div
        class="block"
        data-testid="block-1-3"
      >
        <div
          class="mine"
        />
      </div>
      <div
        class="block"
        data-testid="block-1-4"
      >
        <div
          class="mine"
        />
      </div>
      <div
        class="block"
        data-testid="block-1-5"
      >
        <div
          class="mine"
        />
      </div>
      <div
        class="block"
        data-testid="block-1-6"
      >
        <div
          class="mine"
        />
      </div>
      <div
        class="block"
        data-testid="block-1-7"
      >
        <div
          class="mine"
        />
      </div>
      <div
        class="block"
        data-testid="block-1-8"
      >
        <div
          class="mine"
        />
      </div>
      <div
        class="block"
        data-testid="block-1-9"
      >
        <div
          class="mine"
        />
      </div>
    </div>
    <div
      class="row"
    >
      <div
        class="block"
        data-testid="block-2-0"
      >
        <div
          class="mine"
        />
      </div>
      <div
        class="block"
        data-testid="block-2-1"
      >
        <div
          class="mine"
        />
      </div>
      <div
        class="block"
        data-testid="block-2-2"
      >
        <div
          class="mine"
        />
      </div>
      <div
        class="block"
        data-testid="block-2-3"
      >
        <div
          class="mine"
        />
      </div>
      <div
        class="block"
        data-testid="block-2-4"
      >
        <div
          class="mine"
        />
      </div>
      <div
        class="block"
        data-testid="block-2-5"
      >
        <div
          class="mine"
        />
      </div>
      <div
        class="block"
        data-testid="block-2-6"
      >
        <div
          class="mine"
        />
      </div>
      <div
        class="block"
        data-testid="block-2-7"
      >
        <div
          class="mine"
        />
      </div>
      <div
        class="block"
        data-testid="block-2-8"
      >
        <div
          class="mine"
        />
      </div>
      <div
        class="block"
        data-testid="block-2-9"
      >
        <div
          class="mine"
        />
      </div>
    </div>
    <div
      class="row"
    >
      <div
        class="block"
        data-testid="block-3-0"
      >
        <div
          class="mine"
        />
      </div>
      <div
        class="block"
        data-testid="block-3-1"
      >
        <div
          class="mine"
        />
      </div>
      <div
        class="block"
        data-testid="block-3-2"
      >
        <div
          class="mine"
        />
      </div>
      <div
        class="block"
        data-testid="block-3-3"
      >
        <div
          class="mine"
        />
      </div>
      <div
        class="block"
        data-testid="block-3-4"
      >
        <div
          class="mine"
        />
      </div>
      <div
        class="block"
        data-testid="block-3-5"
      >
        <div
          class="mine"
        />
      </div>
      <div
        class="block"
        data-testid="block-3-6"
      >
        <div
          class="mine"
        />
      </div>
      <div
        class="block"
        data-testid="block-3-7"
      >
        <div
          class="mine"
        />
      </div>
      <div
        class="block"
        data-testid="block-3-8"
      >
        <div
          class="mine"
        />
      </div>
      <div
        class="block"
        data-testid="block-3-9"
      >
        <div
          class="mine"
        />
      </div>
    </div>
    <div
      class="row"
    >
      <div
        class="block"
        data-testid="block-4-0"
      >
        <div
          class="mine"
        />
      </div>
      <div
        class="block"
        data-testid="block-4-1"
      >
        <div
          class="mine"
        />
      </div>
      <div
        class="block"
        data-testid="block-4-2"
      >
        <div
          class="mine"
        />
      </div>
      <div
        class="block"
        data-testid="block-4-3"
      >
        <div
          class="mine"
        />
      </div>
      <div
        class="block"
        data-testid="block-4-4"
      >
        <div
          class="mine"
        />
      </div>
      <div
        class="block"
        data-testid="block-4-5"
      >
        <div
          class="mine"
        />
      </div>
      <div
        class="block"
        data-testid="block-4-6"
      >
        <div
          class="mine"
        />
      </div>
      <div
        class="block"
        data-testid="block-4-7"
      >
        <div
          class="mine"
        />
      </div>
      <div
        class="block"
        data-testid="block-4-8"
      >
        <div
          class="mine"
        />
      </div>
      <div
        class="block"
        data-testid="block-4-9"
      >
        <div
          class="mine"
        />
      </div>
    </div>
    <div
      class="row"
    >
      <div
        class="block"
        data-testid="block-5-0"
      >
        <div
          class="mine"
        />
      </div>
      <div
        class="block"
        data-testid="block-5-1"
      >
        <div
          class="mine"
        />
      </div>
      <div
        class="block"
        data-testid="block-5-2"
      >
        <div
          class="mine"
        />
      </div>
      <div
        class="block"
        data-testid="block-5-3"
      >
        <div
          class="mine"
        />
      </div>
      <div
        class="block"
        data-testid="block-5-4"
      >
        <div
          class="mine"
        />
      </div>
      <div
        class="block"
        data-testid="block-5-5"
      >
        <div
          class="mine"
        />
      </div>
      <div
        class="block"
        data-testid="block-5-6"
      >
        <div
          class="mine"
        />
      </div>
      <div
        class="block"
        data-testid="block-5-7"
      >
        <div
          class="mine"
        />
      </div>
      <div
        class="block"
        data-testid="block-5-8"
      >
        <div
          class="mine"
        />
      </div>
      <div
        class="block"
        data-testid="block-5-9"
      >
        <div
          class="mine"
        />
      </div>
    </div>
    <div
      class="row"
    >
      <div
        class="block"
        data-testid="block-6-0"
      >
        <div
          class="mine"
        />
      </div>
      <div
        class="block"
        data-testid="block-6-1"
      >
        <div
          class="mine"
        />
      </div>
      <div
        class="block"
        data-testid="block-6-2"
      >
        <div
          class="mine"
        />
      </div>
      <div
        class="block"
        data-testid="block-6-3"
      >
        <div
          class="mine"
        />
      </div>
      <div
        class="block"
        data-testid="block-6-4"
      >
        <div
          class="mine"
        />
      </div>
      <div
        class="block"
        data-testid="block-6-5"
      >
        <div
          class="mine"
        />
      </div>
      <div
        class="block"
        data-testid="block-6-6"
      >
        <div
          class="mine"
        />
      </div>
      <div
        class="block"
        data-testid="block-6-7"
      >
        <div
          class="mine"
        />
      </div>
      <div
        class="block"
        data-testid="block-6-8"
      >
        <div
          class="mine"
        />
      </div>
      <div
        class="block"
        data-testid="block-6-9"
      >
        <div
          class="mine"
        />
      </div>
    </div>
    <div
      class="row"
    >
      <div
        class="block"
        data-testid="block-7-0"
      >
        <div
          class="mine"
        />
      </div>
      <div
        class="block"
        data-testid="block-7-1"
      >
        <div
          class="mine"
        />
      </div>
      <div
        class="block"
        data-testid="block-7-2"
      >
        <div
          class="mine"
        />
      </div>
      <div
        class="block"
        data-testid="block-7-3"
      >
        <div
          class="mine"
        />
      </div>
      <div
        class="block"
        data-testid="block-7-4"
      >
        <div
          class="mine"
        />
      </div>
      <div
        class="block"
        data-testid="block-7-5"
      >
        <div
          class="mine"
        />
      </div>
      <div
        class="block"
        data-testid="block-7-6"
      >
        <div
          class="mine"
        />
      </div>
      <div
        class="block"
        data-testid="block-7-7"
      >
        <div
          class="mine"
        />
      </div>
      <div
        class="block"
        data-testid="block-7-8"
      >
        <div
          class="mine"
        />
      </div>
      <div
        class="block"
        data-testid="block-7-9"
      >
        <div
          class="mine"
        />
      </div>
    </div>
    <div
      class="row"
    >
      <div
        class="block"
        data-testid="block-8-0"
      >
        <div
          class="mine"
        />
      </div>
      <div
        class="block"
        data-testid="block-8-1"
      >
        <div
          class="mine"
        />
      </div>
      <div
        class="block"
        data-testid="block-8-2"
      >
        <div
          class="mine"
        />
      </div>
      <div
        class="block"
        data-testid="block-8-3"
      >
        <div
          class="mine"
        />
      </div>
      <div
        class="block"
        data-testid="block-8-4"
      >
        <div
          class="mine"
        />
      </div>
      <div
        class="block"
        data-testid="block-8-5"
      >
        <div
          class="mine"
        />
      </div>
      <div
        class="block"
        data-testid="block-8-6"
      >
        <div
          class="mine"
        />
      </div>
      <div
        class="block"
        data-testid="block-8-7"
      >
        <div
          class="mine"
        />
      </div>
      <div
        class="block"
        data-testid="block-8-8"
      >
        <div
          class="mine"
        />
      </div>
      <div
        class="block"
        data-testid="block-8-9"
      >
        <div
          class="mine"
        />
      </div>
    </div>
    <div
      class="row"
    >
      <div
        class="block"
        data-testid="block-9-0"
      >
        <div
          class="mine"
        />
      </div>
      <div
        class="block"
        data-testid="block-9-1"
      >
        <div
          class="mine"
        />
      </div>
      <div
        class="block"
        data-testid="block-9-2"
      >
        <div
          class="mine"
        />
      </div>
      <div
        class="block"
        data-testid="block-9-3"
      >
        <div
          class="mine"
        />
      </div>
      <div
        class="block"
        data-testid="block-9-4"
      >
        <div
          class="mine"
        />
      </div>
      <div
        class="block"
        data-testid="block-9-5"
      >
        <div
          class="mine"
        />
      </div>
      <div
        class="block"
        data-testid="block-9-6"
      >
        <div
          class="mine"
        />
      </div>
      <div
        class="block"
        data-testid="block-9-7"
      >
        <div
          class="mine"
        />
      </div>
      <div
        class="block"
        data-testid="block-9-8"
      >
        <div
          class="mine"
        />
      </div>
      <div
        class="block"
        data-testid="block-9-9"
      >
        <div
          class="mine"
        />
      </div>
    </div>
  </div>
</div>
`;

exports[`Game should render component in game over state 1`] = `
<div>
  <div
    class="title"
  >
    Minesweeper
  </div>
  <div
    class="board"
    data-testid="board"
  />
  <div
    class="overlay"
  >
    <div
      class="game-over"
    >
      Game Over!
    </div>
    <button
      class="retry-button"
    >
      Retry
    </button>
  </div>
</div>
`;
